error: this pattern matching can be expressed using equality
  --> $DIR/equatable_if_let.rs:59:8
   |
LL |     if let m1!(x) = "abc" {
   |        ^^^^^^^^^^^^^^^^^^ help: try: `"abc" == m1!(x)`
   |
   = note: `-D clippy::equatable-if-let` implied by `-D warnings`

error: this pattern matching can be expressed using equality
  --> $DIR/equatable_if_let.rs:89:8
   |
LL |     if let 2 = a {}
   |        ^^^^^^^^^ help: try: `a == 2`

error: this pattern matching can be expressed using equality
  --> $DIR/equatable_if_let.rs:90:8
   |
LL |     if let "hello" = "world" {}
   |        ^^^^^^^^^^^^^^^^^^^^^ help: try: `"world" == "hello"`

error: this pattern matching can be expressed using equality
  --> $DIR/equatable_if_let.rs:91:8
   |
LL |     if let Ordering::Greater = a.cmp(&b) {}
   |        ^^^^^^^^^^^^^^^^^^^^^^^^^^^^^^^^^ help: try: `a.cmp(&b) == Ordering::Greater`

error: this pattern matching can be expressed using equality
  --> $DIR/equatable_if_let.rs:92:8
   |
LL |     if let Enum::UnitVariant = e {}
   |        ^^^^^^^^^^^^^^^^^^^^^^^^^ help: try: `e == Enum::UnitVariant`

error: this pattern matching can be expressed using equality
  --> $DIR/equatable_if_let.rs:93:8
   |
LL |     if let None = Some(g) {}
   |        ^^^^^^^^^^^^^^^^^^ help: try: `Some(g) == None`

error: this pattern matching can be expressed using equality
  --> $DIR/equatable_if_let.rs:94:8
   |
LL |     if let Generic::VC = i {}
   |        ^^^^^^^^^^^^^^^^^^^ help: try: `i == Generic::VC`

error: this pattern matching can be expressed using equality
  --> $DIR/equatable_if_let.rs:95:8
   |
LL |     if let None = k {}
   |        ^^^^^^^^^^^^ help: try: `k == None`

error: this pattern matching can be expressed using equality
  --> $DIR/equatable_if_let.rs:97:13
   |
LL |     let _ = matches!(b, 2);
   |             ^^^^^^^^^^^^^^ help: try: `b == 2`
   |
   = note: `-D clippy::equatable-matches` implied by `-D warnings`

error: aborting due to 9 previous errors

